[2026-06-14 16:31:46] SAM-M10Q監視開始
[2026-06-14 16:31:46] I2C接続中...
[2026-06-14 16:31:46] I2C接続成功 (0x42)
[2026-06-14 16:32:35] 緯度=35.472825, 経度=138.846731, 高度=110.3m
[2026-06-14 16:32:42] 緯度=35.471957, 経度=138.846070, 高度=137.2m
[2026-06-14 16:32:43] 緯度=35.471925, 経度=138.846048, 高度=137.4m
[2026-06-14 16:32:43] I2Cエラー: [Errno 121] Remote I/O error
[2026-06-14 16:32:43] 1秒後に再接続します
[2026-06-14 16:32:44] I2C接続中...
[2026-06-14 16:32:44] I2C接続成功 (0x42)
[2026-06-14 16:32:44] 緯度=35.471905, 経度=138.846034, 高度=138.4m
[2026-06-14 16:32:49] 緯度=35.471944, 経度=138.846063, 高度=126.3m
[2026-06-14 16:32:52] 緯度=35.471954, 経度=138.846070, 高度=121.4m
[2026-06-14 16:32:53] 緯度=35.471951, 経度=138.846068, 高度=120.4m
[2026-06-14 16:32:55] 緯度=35.471947, 経度=138.846064, 高度=118.7m
[2026-06-14 16:32:56] 緯度=35.471945, 経度=138.846063, 高度=118.2m
[2026-06-14 16:32:56] I2Cエラー: [Errno 121] Remote I/O error
[2026-06-14 16:32:56] 1秒後に再接続します
[2026-06-14 16:32:57] I2C接続中...
[2026-06-14 16:32:57] I2C接続成功 (0x42)
[2026-06-14 16:32:58] 緯度=35.471941, 経度=138.846059, 高度=117.8m
[2026-06-14 16:32:59] 緯度=35.471940, 経度=138.846057, 高度=117.8m
[2026-06-14 16:33:02] 緯度=35.471939, 経度=138.846058, 高度=119.8m
[2026-06-14 16:33:06] 緯度=35.471941, 経度=138.846060, 高度=124.3m
[2026-06-14 16:33:06] I2Cエラー: [Errno 121] Remote I/O error
[2026-06-14 16:33:06] 1秒後に再接続します
[2026-06-14 16:33:07] I2C接続中...
[2026-06-14 16:33:07] I2C接続成功 (0x42)
[2026-06-14 16:33:07] 緯度=35.471941, 経度=138.846060, 高度=125.4m
[2026-06-14 16:33:08] 緯度=35.471942, 経度=138.846060, 高度=126.5m
[2026-06-14 16:33:11] 緯度=35.471946, 経度=138.846061, 高度=129.0m
[2026-06-14 16:33:14] 緯度=35.471947, 経度=138.846062, 高度=130.1m
[2026-06-14 16:33:18] 緯度=35.471945, 経度=138.846061, 高度=130.8m
[2026-06-14 16:33:19] 緯度=35.471945, 経度=138.846060, 高度=130.9m
[2026-06-14 16:33:21] 緯度=35.471945, 経度=138.846060, 高度=130.7m
[2026-06-14 16:33:22] 緯度=35.471943, 経度=138.846059, 高度=130.6m
[2026-06-14 16:33:23] 緯度=35.471943, 経度=138.846059, 高度=130.4m
[2026-06-14 16:33:24] 緯度=35.471944, 経度=138.846059, 高度=130.2m
[2026-06-14 16:33:29] 緯度=35.471948, 経度=138.846060, 高度=129.3m
[2026-06-14 16:33:30] 緯度=35.471949, 経度=138.846060, 高度=129.2m
[2026-06-14 16:33:42] 緯度=35.471955, 経度=138.846070, 高度=126.0m
[2026-06-14 16:33:43] 緯度=35.471954, 経度=138.846070, 高度=125.8m
[2026-06-14 16:33:46] 緯度=35.471951, 経度=138.846068, 高度=125.7m
[2026-06-14 16:33:48] 緯度=35.471948, 経度=138.846067, 高度=125.9m
[2026-06-14 16:33:51] 緯度=35.471944, 経度=138.846064, 高度=126.5m
[2026-06-14 16:33:58] 緯度=35.471936, 経度=138.846062, 高度=128.5m
[2026-06-14 16:34:00] 緯度=35.471934, 経度=138.846062, 高度=128.6m
[2026-06-14 16:34:01] 緯度=35.471933, 経度=138.846062, 高度=128.4m
[2026-06-14 16:34:03] 緯度=35.471932, 経度=138.846062, 高度=128.5m
[2026-06-14 16:34:04] 緯度=35.471932, 経度=138.846062, 高度=128.5m
[2026-06-14 16:34:08] 緯度=35.471932, 経度=138.846062, 高度=129.3m
[2026-06-14 16:34:11] 緯度=35.471932, 経度=138.846063, 高度=130.1m
[2026-06-14 16:34:13] 緯度=35.471934, 経度=138.846063, 高度=130.9m
[2026-06-14 16:34:18] 緯度=35.471936, 経度=138.846064, 高度=132.1m
[2026-06-14 16:34:20] 緯度=35.471935, 経度=138.846064, 高度=132.1m
[2026-06-14 16:34:22] 緯度=35.471936, 経度=138.846064, 高度=132.2m
[2026-06-14 16:34:24] 緯度=35.471937, 経度=138.846065, 高度=132.4m
[2026-06-14 16:34:26] 緯度=35.471936, 経度=138.846065, 高度=132.4m
[2026-06-14 16:34:28] 緯度=35.471935, 経度=138.846064, 高度=132.1m
[2026-06-14 16:34:29] 緯度=35.471934, 経度=138.846064, 高度=132.0m
[2026-06-14 16:34:29] I2Cエラー: [Errno 121] Remote I/O error
[2026-06-14 16:34:29] 1秒後に再接続します
[2026-06-14 16:34:30] I2C接続中...
[2026-06-14 16:34:30] I2C接続成功 (0x42)
[2026-06-14 16:34:30] 緯度=35.471934, 経度=138.846064, 高度=131.9m
[2026-06-14 16:34:32] 緯度=35.471931, 経度=138.846063, 高度=131.5m
[2026-06-14 16:34:36] 緯度=35.471926, 経度=138.846061, 高度=130.7m
[2026-06-14 16:34:37] 緯度=35.471926, 経度=138.846061, 高度=130.5m
[2026-06-14 16:34:39] 緯度=35.471926, 経度=138.846062, 高度=130.9m
[2026-06-14 16:34:47] 緯度=35.471936, 経度=138.846068, 高度=132.5m
[2026-06-14 16:34:50] 緯度=35.471940, 経度=138.846070, 高度=132.5m
[2026-06-14 16:34:51] 緯度=35.471941, 経度=138.846070, 高度=132.3m
[2026-06-14 16:34:51] I2Cエラー: [Errno 121] Remote I/O error
[2026-06-14 16:34:51] 1秒後に再接続します
[2026-06-14 16:34:52] I2C接続中...
[2026-06-14 16:34:52] I2C接続成功 (0x42)
[2026-06-14 16:34:52] 緯度=35.471941, 経度=138.846070, 高度=131.9m
[2026-06-14 16:34:56] 緯度=35.471944, 経度=138.846071, 高度=130.0m
[2026-06-14 16:34:57] 緯度=35.471945, 経度=138.846071, 高度=129.5m
[2026-06-14 16:34:58] I2Cエラー: [Errno 121] Remote I/O error
[2026-06-14 16:34:58] 1秒後に再接続します
[2026-06-14 16:34:59] I2C接続中...
[2026-06-14 16:34:59] I2C接続成功 (0x42)
[2026-06-14 16:35:01] 緯度=35.471947, 経度=138.846072, 高度=128.3m
[2026-06-14 16:35:03] 緯度=35.471949, 経度=138.846073, 高度=127.9m
[2026-06-14 16:35:04] 緯度=35.471948, 経度=138.846073, 高度=127.7m
[2026-06-14 16:35:05] 緯度=35.471947, 経度=138.846073, 高度=127.6m
[2026-06-14 16:35:07] 緯度=35.471946, 経度=138.846073, 高度=128.1m
[2026-06-14 16:35:08] 緯度=35.471945, 経度=138.846073, 高度=128.2m
[2026-06-14 16:35:12] 緯度=35.471943, 経度=138.846072, 高度=128.3m
[2026-06-14 16:35:14] 緯度=35.471942, 経度=138.846070, 高度=128.3m
[2026-06-14 16:35:16] I2Cエラー: [Errno 121] Remote I/O error
[2026-06-14 16:35:16] 1秒後に再接続します
[2026-06-14 16:35:17] I2C接続中...
[2026-06-14 16:35:17] I2C接続成功 (0x42)
[2026-06-14 16:35:17] 緯度=35.471937, 経度=138.846068, 高度=128.6m
[2026-06-14 16:35:18] 緯度=35.471936, 経度=138.846068, 高度=128.7m
[2026-06-14 16:35:19] 緯度=35.471934, 経度=138.846067, 高度=128.6m
[2026-06-14 16:35:20] 緯度=35.471932, 経度=138.846066, 高度=128.3m
[2026-06-14 16:35:25] 緯度=35.471924, 経度=138.846063, 高度=128.0m
[2026-06-14 16:35:27] 緯度=35.471922, 経度=138.846061, 高度=128.0m
[2026-06-14 16:35:28] 緯度=35.471922, 経度=138.846061, 高度=127.9m
[2026-06-14 16:35:31] 緯度=35.471924, 経度=138.846061, 高度=127.6m
[2026-06-14 16:35:32] 緯度=35.471925, 経度=138.846061, 高度=127.2m
[2026-06-14 16:35:35] 緯度=35.471928, 経度=138.846062, 高度=126.9m
[2026-06-14 16:35:36] 緯度=35.471929, 経度=138.846062, 高度=126.8m
[2026-06-14 16:35:37] 緯度=35.471930, 経度=138.846062, 高度=126.8m
[2026-06-14 16:35:40] 緯度=35.471934, 経度=138.846063, 高度=126.6m
[2026-06-14 16:35:41] 緯度=35.471935, 経度=138.846063, 高度=126.5m
[2026-06-14 16:35:43] 緯度=35.471937, 経度=138.846063, 高度=126.0m
[2026-06-14 16:35:44] 緯度=35.471938, 経度=138.846064, 高度=125.9m
[2026-06-14 16:35:46] 緯度=35.471939, 経度=138.846064, 高度=124.7m
[2026-06-14 16:35:47] 緯度=35.471940, 経度=138.846064, 高度=124.5m
[2026-06-14 16:35:48] 緯度=35.471940, 経度=138.846064, 高度=123.7m
[2026-06-14 16:35:49] 緯度=35.471939, 経度=138.846065, 高度=123.3m
[2026-06-14 16:35:50] 緯度=35.471939, 経度=138.846065, 高度=123.3m
[2026-06-14 16:35:51] 緯度=35.471940, 経度=138.846065, 高度=123.4m
[2026-06-14 16:35:53] 緯度=35.471940, 経度=138.846066, 高度=123.3m
[2026-06-14 16:35:54] 緯度=35.471940, 経度=138.846066, 高度=123.3m
[2026-06-14 16:35:57] 緯度=35.471940, 経度=138.846066, 高度=123.2m
[2026-06-14 16:35:58] 緯度=35.471940, 経度=138.846067, 高度=123.2m
[2026-06-14 16:36:00] 緯度=35.471939, 経度=138.846066, 高度=122.7m
[2026-06-14 16:36:04] 緯度=35.471939, 経度=138.846066, 高度=121.2m
[2026-06-14 16:36:07] 緯度=35.471938, 経度=138.846064, 高度=120.7m
[2026-06-14 16:36:09] 緯度=35.471937, 経度=138.846063, 高度=120.5m
[2026-06-14 16:36:12] 緯度=35.471934, 経度=138.846062, 高度=120.4m
[2026-06-14 16:36:14] 緯度=35.471932, 経度=138.846061, 高度=120.6m
[2026-06-14 16:36:17] 緯度=35.471931, 経度=138.846061, 高度=120.9m
[2026-06-14 16:36:20] 緯度=35.471929, 経度=138.846060, 高度=121.2m
[2026-06-14 16:36:24] 緯度=35.471927, 経度=138.846060, 高度=121.2m
[2026-06-14 16:36:25] 緯度=35.471927, 経度=138.846060, 高度=121.0m
[2026-06-14 16:36:27] 緯度=35.471928, 経度=138.846060, 高度=120.7m
[2026-06-14 16:36:28] 緯度=35.471929, 経度=138.846060, 高度=120.7m
[2026-06-14 16:36:32] I2Cエラー: [Errno 121] Remote I/O error
[2026-06-14 16:36:32] 1秒後に再接続します
[2026-06-14 16:36:33] I2C接続中...
[2026-06-14 16:36:33] I2C接続成功 (0x42)
[2026-06-14 16:36:33] 緯度=35.471933, 経度=138.846062, 高度=121.1m
[2026-06-14 16:36:33] 緯度=35.471934, 経度=138.846063, 高度=120.9m
[2026-06-14 16:36:36] 緯度=35.471935, 経度=138.846064, 高度=120.5m
[2026-06-14 16:36:40] I2Cエラー: [Errno 121] Remote I/O error
[2026-06-14 16:36:40] 1秒後に再接続します
[2026-06-14 16:36:41] I2C接続中...
[2026-06-14 16:36:41] I2C接続成功 (0x42)
[2026-06-14 16:36:42] 緯度=35.471934, 経度=138.846064, 高度=120.1m
[2026-06-14 16:36:45] 緯度=35.471930, 経度=138.846064, 高度=119.9m
[2026-06-14 16:36:49] 緯度=35.471925, 経度=138.846064, 高度=120.4m
[2026-06-14 16:36:50] 緯度=35.471920, 経度=138.846064, 高度=120.7m
[2026-06-14 16:36:52] 緯度=35.471921, 経度=138.846062, 高度=120.7m
[2026-06-14 16:36:54] 緯度=35.471928, 経度=138.846060, 高度=120.6m
[2026-06-14 16:36:55] 緯度=35.471932, 経度=138.846059, 高度=120.3m
[2026-06-14 16:36:56] 緯度=35.471934, 経度=138.846058, 高度=120.8m
[2026-06-14 16:36:57] 緯度=35.471936, 経度=138.846058, 高度=120.1m
[2026-06-14 16:36:59] 緯度=35.471915, 経度=138.846058, 高度=118.5m
[2026-06-14 16:37:00] 緯度=35.471906, 経度=138.846057, 高度=117.3m
[2026-06-14 16:37:01] 緯度=35.471902, 経度=138.846057, 高度=117.1m
[2026-06-14 16:37:03] 緯度=35.471902, 経度=138.846058, 高度=119.5m
[2026-06-14 16:37:05] 緯度=35.471897, 経度=138.846056, 高度=117.0m
[2026-06-14 16:37:06] 緯度=35.471898, 経度=138.846057, 高度=117.8m
[2026-06-14 16:37:08] 緯度=35.471900, 経度=138.846058, 高度=118.5m
[2026-06-14 16:37:09] 緯度=35.471901, 経度=138.846058, 高度=119.1m
[2026-06-14 16:37:10] 緯度=35.471901, 経度=138.846059, 高度=119.8m
[2026-06-14 16:37:11] 緯度=35.471901, 経度=138.846061, 高度=120.5m
[2026-06-14 16:37:13] 緯度=35.471902, 経度=138.846063, 高度=119.9m
[2026-06-14 16:37:14] 緯度=35.471903, 経度=138.846064, 高度=120.4m
[2026-06-14 16:37:17] 緯度=35.471908, 経度=138.846066, 高度=120.7m
[2026-06-14 16:37:20] 緯度=35.471910, 経度=138.846066, 高度=120.8m
[2026-06-14 16:37:25] 緯度=35.471906, 経度=138.846067, 高度=121.2m
[2026-06-14 16:37:27] 緯度=35.471901, 経度=138.846065, 高度=118.3m
[2026-06-14 16:37:28] 緯度=35.471898, 経度=138.846064, 高度=117.4m
[2026-06-14 16:37:29] 緯度=35.471894, 経度=138.846062, 高度=115.0m
[2026-06-14 16:37:31] 緯度=35.471886, 経度=138.846062, 高度=112.9m
[2026-06-14 16:37:34] 緯度=35.471883, 経度=138.846060, 高度=110.2m
[2026-06-14 16:37:35] 緯度=35.471886, 経度=138.846060, 高度=110.9m
[2026-06-14 16:37:36] 緯度=35.471886, 経度=138.846060, 高度=110.9m
[2026-06-14 16:37:37] 緯度=35.471889, 経度=138.846060, 高度=111.4m
[2026-06-14 16:37:38] 緯度=35.471889, 経度=138.846061, 高度=111.7m
[2026-06-14 16:37:40] 緯度=35.471893, 経度=138.846062, 高度=112.4m
[2026-06-14 16:37:41] 緯度=35.471896, 経度=138.846063, 高度=113.3m
[2026-06-14 16:37:43] 緯度=35.471900, 経度=138.846065, 高度=113.7m
[2026-06-14 16:37:46] 緯度=35.471908, 経度=138.846070, 高度=114.6m
[2026-06-14 16:37:47] 緯度=35.471907, 経度=138.846071, 高度=114.3m
[2026-06-14 16:37:48] 緯度=35.471904, 経度=138.846070, 高度=113.8m
[2026-06-14 16:37:50] 緯度=35.471903, 経度=138.846070, 高度=113.2m
[2026-06-14 16:37:51] 緯度=35.471905, 経度=138.846070, 高度=112.9m
[2026-06-14 16:37:52] 緯度=35.471906, 経度=138.846067, 高度=111.7m
[2026-06-14 16:37:53] 緯度=35.471903, 経度=138.846065, 高度=110.9m
[2026-06-14 16:37:57] 緯度=35.471911, 経度=138.846060, 高度=110.3m
[2026-06-14 16:37:59] 緯度=35.471914, 経度=138.846058, 高度=110.3m
[2026-06-14 16:38:00] 緯度=35.471914, 経度=138.846057, 高度=110.4m
[2026-06-14 16:38:02] 緯度=35.471917, 経度=138.846056, 高度=110.1m
[2026-06-14 16:38:03] 緯度=35.471919, 経度=138.846055, 高度=110.3m
[2026-06-14 16:38:04] 緯度=35.471920, 経度=138.846054, 高度=110.1m
[2026-06-14 16:38:05] 緯度=35.471920, 経度=138.846052, 高度=109.4m
[2026-06-14 16:38:06] 緯度=35.471922, 経度=138.846052, 高度=109.8m
[2026-06-14 16:38:07] 緯度=35.471923, 経度=138.846051, 高度=109.7m
[2026-06-14 16:38:11] 緯度=35.471922, 経度=138.846045, 高度=108.3m
[2026-06-14 16:38:14] 緯度=35.471919, 経度=138.846040, 高度=106.6m
[2026-06-14 16:38:17] 緯度=35.471919, 経度=138.846039, 高度=108.1m
[2026-06-14 16:38:18] 緯度=35.471919, 経度=138.846039, 高度=108.9m
[2026-06-14 16:38:19] 緯度=35.471917, 経度=138.846039, 高度=108.3m
[2026-06-14 16:38:20] 緯度=35.471914, 経度=138.846039, 高度=107.2m
[2026-06-14 16:38:21] 緯度=35.471913, 経度=138.846040, 高度=108.3m
[2026-06-14 16:38:26] 緯度=35.471903, 経度=138.846042, 高度=110.5m
[2026-06-14 16:38:29] 緯度=35.471899, 経度=138.846042, 高度=111.2m
[2026-06-14 16:38:31] 緯度=35.471897, 経度=138.846043, 高度=110.9m
[2026-06-14 16:38:33] 緯度=35.471896, 経度=138.846043, 高度=110.4m
[2026-06-14 16:38:35] 緯度=35.471895, 経度=138.846044, 高度=110.2m
[2026-06-14 16:38:36] 緯度=35.471893, 経度=138.846044, 高度=110.3m
[2026-06-14 16:38:40] 緯度=35.471891, 経度=138.846047, 高度=111.2m
[2026-06-14 16:38:41] 緯度=35.471892, 経度=138.846049, 高度=111.6m
[2026-06-14 16:38:44] 緯度=35.471897, 経度=138.846053, 高度=112.6m
[2026-06-14 16:38:46] 緯度=35.471901, 経度=138.846056, 高度=112.6m
[2026-06-14 16:38:48] 緯度=35.471904, 経度=138.846059, 高度=112.6m
[2026-06-14 16:38:49] 緯度=35.471905, 経度=138.846060, 高度=112.4m
[2026-06-14 16:38:52] 緯度=35.471908, 経度=138.846063, 高度=111.1m
[2026-06-14 16:38:55] 緯度=35.471910, 経度=138.846064, 高度=110.9m
[2026-06-14 16:38:56] 緯度=35.471911, 経度=138.846064, 高度=111.1m
[2026-06-14 16:39:00] 緯度=35.471913, 経度=138.846065, 高度=111.6m
[2026-06-14 16:39:02] 緯度=35.471915, 経度=138.846065, 高度=112.0m
[2026-06-14 16:39:03] 緯度=35.471915, 経度=138.846065, 高度=112.5m
[2026-06-14 16:39:05] 緯度=35.471914, 経度=138.846065, 高度=113.0m
[2026-06-14 16:39:10] 緯度=35.471917, 経度=138.846067, 高度=113.6m
[2026-06-14 16:39:11] 緯度=35.471918, 経度=138.846066, 高度=113.8m
[2026-06-14 16:39:14] 緯度=35.471929, 経度=138.846064, 高度=114.6m
[2026-06-14 16:39:15] 緯度=35.471925, 経度=138.846064, 高度=114.2m
[2026-06-14 16:39:18] 緯度=35.471911, 経度=138.846059, 高度=115.1m
[2026-06-14 16:39:20] 緯度=35.471911, 経度=138.846053, 高度=116.5m
[2026-06-14 16:39:25] 緯度=35.471913, 経度=138.846045, 高度=119.2m
[2026-06-14 16:39:28] 緯度=35.471917, 経度=138.846051, 高度=120.0m
[2026-06-14 16:39:32] 緯度=35.471940, 経度=138.846045, 高度=121.7m
[2026-06-14 16:39:33] 緯度=35.471949, 経度=138.846045, 高度=122.1m
[2026-06-14 16:39:34] 緯度=35.471951, 経度=138.846046, 高度=122.0m
[2026-06-14 16:39:36] 緯度=35.471958, 経度=138.846043, 高度=122.0m
[2026-06-14 16:39:37] 緯度=35.471963, 経度=138.846041, 高度=122.2m
[2026-06-14 16:39:38] 緯度=35.471968, 経度=138.846038, 高度=122.5m
[2026-06-14 16:39:40] 緯度=35.471974, 経度=138.846035, 高度=122.7m
[2026-06-14 16:39:51] 緯度=35.471897, 経度=138.846024, 高度=117.6m
[2026-06-14 16:39:53] 緯度=35.471870, 経度=138.846013, 高度=116.5m
[2026-06-14 16:39:55] 緯度=35.471862, 経度=138.846007, 高度=115.7m
[2026-06-14 16:39:57] 緯度=35.471877, 経度=138.846006, 高度=115.9m
[2026-06-14 16:39:58] 緯度=35.471874, 経度=138.846007, 高度=115.4m
[2026-06-14 16:40:13] 緯度=35.471911, 経度=138.846031, 高度=113.7m
[2026-06-14 16:40:16] 緯度=35.471935, 経度=138.846036, 高度=114.9m
[2026-06-14 16:40:17] 緯度=35.471932, 経度=138.846034, 高度=115.3m
[2026-06-14 16:40:18] 緯度=35.471944, 経度=138.846039, 高度=115.8m
[2026-06-14 16:40:20] 緯度=35.471949, 経度=138.846040, 高度=117.0m
[2026-06-14 16:40:22] 緯度=35.471954, 経度=138.846034, 高度=117.6m
[2026-06-14 16:40:24] 緯度=35.471976, 経度=138.846036, 高度=118.7m
[2026-06-14 16:40:25] 緯度=35.471984, 経度=138.846032, 高度=118.9m
[2026-06-14 16:40:27] 緯度=35.471989, 経度=138.846033, 高度=119.1m
[2026-06-14 16:40:30] I2Cエラー: [Errno 121] Remote I/O error
[2026-06-14 16:40:30] 1秒後に再接続します
[2026-06-14 16:40:31] I2C接続中...
[2026-06-14 16:40:31] I2C接続成功 (0x42)
[2026-06-14 16:40:32] 緯度=35.472014, 経度=138.846059, 高度=119.7m
[2026-06-14 16:40:33] 緯度=35.472011, 経度=138.846058, 高度=119.8m
[2026-06-14 16:40:35] 緯度=35.471975, 経度=138.846059, 高度=118.5m
[2026-06-14 16:40:36] 緯度=35.471968, 経度=138.846055, 高度=118.6m
[2026-06-14 16:40:37] 緯度=35.471954, 経度=138.846052, 高度=118.3m
[2026-06-14 16:40:38] 緯度=35.471951, 経度=138.846049, 高度=118.6m
[2026-06-14 16:40:40] 緯度=35.471930, 経度=138.846051, 高度=118.1m
[2026-06-14 16:40:41] 緯度=35.471922, 経度=138.846056, 高度=117.8m
[2026-06-14 16:40:43] 緯度=35.471903, 経度=138.846064, 高度=116.9m
[2026-06-14 16:40:47] 緯度=35.471850, 経度=138.846060, 高度=114.9m
[2026-06-14 16:40:49] 緯度=35.471829, 経度=138.846067, 高度=113.8m
[2026-06-14 16:40:50] 緯度=35.471817, 経度=138.846068, 高度=113.4m
[2026-06-14 16:40:51] 緯度=35.471808, 経度=138.846069, 高度=113.1m
[2026-06-14 16:40:59] 緯度=35.471780, 経度=138.846090, 高度=110.7m
[2026-06-14 16:41:00] 緯度=35.471776, 経度=138.846089, 高度=110.4m
[2026-06-14 16:41:00] I2Cエラー: [Errno 121] Remote I/O error
[2026-06-14 16:41:00] 1秒後に再接続します
[2026-06-14 16:41:01] I2C接続中...
[2026-06-14 16:41:01] I2C接続成功 (0x42)
[2026-06-14 16:41:05] 緯度=35.471806, 経度=138.846100, 高度=111.1m
[2026-06-14 16:41:06] I2Cエラー: [Errno 121] Remote I/O error
[2026-06-14 16:41:06] 1秒後に再接続します
[2026-06-14 16:41:07] I2C接続中...
[2026-06-14 16:41:07] I2C接続成功 (0x42)
[2026-06-14 16:41:07] 緯度=35.471831, 経度=138.846097, 高度=112.5m
[2026-06-14 16:41:10] 緯度=35.471825, 経度=138.846097, 高度=112.8m
[2026-06-14 16:41:14] 緯度=35.471882, 経度=138.846103, 高度=115.2m
[2026-06-14 16:41:17] 緯度=35.471907, 経度=138.846114, 高度=116.3m
[2026-06-14 16:41:18] 緯度=35.471912, 経度=138.846115, 高度=116.5m
[2026-06-14 16:41:20] 緯度=35.471918, 経度=138.846116, 高度=116.8m
[2026-06-14 16:41:22] 緯度=35.471924, 経度=138.846113, 高度=117.4m
[2026-06-14 16:41:27] 緯度=35.471951, 経度=138.846108, 高度=119.2m
[2026-06-14 16:41:34] 緯度=35.471914, 経度=138.846085, 高度=118.9m
[2026-06-14 16:41:35] 緯度=35.471918, 経度=138.846085, 高度=119.2m
[2026-06-14 16:41:36] 緯度=35.471915, 経度=138.846084, 高度=118.4m
[2026-06-14 16:41:40] 緯度=35.471906, 経度=138.846065, 高度=118.0m
[2026-06-14 16:41:41] 緯度=35.471906, 経度=138.846064, 高度=118.1m
[2026-06-14 16:41:45] 緯度=35.471895, 経度=138.846067, 高度=118.2m
[2026-06-14 16:41:46] 緯度=35.471887, 経度=138.846068, 高度=117.8m
[2026-06-14 16:41:48] I2Cエラー: [Errno 121] Remote I/O error
[2026-06-14 16:41:48] 1秒後に再接続します
[2026-06-14 16:41:49] I2C接続中...
[2026-06-14 16:41:49] I2C接続成功 (0x42)
[2026-06-14 16:41:51] 緯度=35.471882, 経度=138.846064, 高度=117.4m
[2026-06-14 16:41:52] 緯度=35.471897, 経度=138.846066, 高度=117.9m
[2026-06-14 16:41:53] I2Cエラー: [Errno 121] Remote I/O error
[2026-06-14 16:41:53] 1秒後に再接続します
[2026-06-14 16:41:54] I2C接続中...
[2026-06-14 16:41:54] I2C接続成功 (0x42)
[2026-06-14 16:41:56] 緯度=35.471911, 経度=138.846062, 高度=117.6m
[2026-06-14 16:41:57] 緯度=35.471924, 経度=138.846060, 高度=118.1m
[2026-06-14 16:41:59] I2Cエラー: [Errno 121] Remote I/O error
[2026-06-14 16:41:59] 1秒後に再接続します
[2026-06-14 16:42:00] I2C接続中...
[2026-06-14 16:42:00] I2C接続成功 (0x42)
[2026-06-14 16:42:00] 緯度=35.471942, 経度=138.846063, 高度=118.4m
[2026-06-14 16:42:02] 緯度=35.471963, 経度=138.846063, 高度=119.3m
[2026-06-14 16:42:03] 緯度=35.471967, 経度=138.846063, 高度=119.6m
[2026-06-14 16:42:16] 緯度=35.472001, 経度=138.846082, 高度=124.4m
[2026-06-14 16:42:20] 緯度=35.471991, 経度=138.846086, 高度=125.0m
[2026-06-14 16:42:21] 緯度=35.471987, 経度=138.846082, 高度=126.0m
[2026-06-14 16:42:22] 緯度=35.471992, 経度=138.846082, 高度=126.5m
[2026-06-14 16:42:26] 緯度=35.472014, 経度=138.846101, 高度=127.9m
[2026-06-14 16:42:26] I2Cエラー: [Errno 121] Remote I/O error
[2026-06-14 16:42:26] 1秒後に再接続します
[2026-06-14 16:42:27] I2C接続中...
[2026-06-14 16:42:27] I2C接続成功 (0x42)
[2026-06-14 16:42:27] 緯度=35.472019, 経度=138.846102, 高度=128.4m
[2026-06-14 16:42:28] 緯度=35.472031, 経度=138.846107, 高度=129.0m
[2026-06-14 16:42:29] 緯度=35.472027, 経度=138.846103, 高度=129.0m
[2026-06-14 16:42:30] 緯度=35.472027, 経度=138.846100, 高度=129.9m
[2026-06-14 16:42:31] 緯度=35.472032, 経度=138.846099, 高度=130.3m
[2026-06-14 16:42:34] 緯度=35.472020, 経度=138.846079, 高度=133.2m
[2026-06-14 16:42:39] 緯度=35.471999, 経度=138.846070, 高度=133.7m
[2026-06-14 16:42:40] 緯度=35.472008, 経度=138.846078, 高度=133.9m
[2026-06-14 16:42:42] 緯度=35.471996, 経度=138.846068, 高度=133.4m
[2026-06-14 16:42:43] 緯度=35.471980, 経度=138.846057, 高度=132.8m
[2026-06-14 16:42:44] 緯度=35.471964, 経度=138.846048, 高度=131.9m
[2026-06-14 16:42:48] 緯度=35.471991, 経度=138.846068, 高度=130.1m
[2026-06-14 16:42:49] 緯度=35.472008, 経度=138.846080, 高度=129.9m
[2026-06-14 16:42:50] 緯度=35.471997, 経度=138.846075, 高度=129.8m
[2026-06-14 16:42:50] I2Cエラー: [Errno 121] Remote I/O error
[2026-06-14 16:42:50] 1秒後に再接続します
[2026-06-14 16:42:51] I2C接続中...
[2026-06-14 16:42:51] I2C接続成功 (0x42)
